// Jest Snapshot v1, https://goo.gl/fbAQLP

exports[`Calendar component renders correctly 1`] = `
<div>
  <select>
    <option>
      January
    </option>
    <option>
      February
    </option>
    <option>
      March
    </option>
    <option>
      April
    </option>
    <option>
      May
    </option>
    <option>
      June
    </option>
    <option>
      July
    </option>
    <option>
      August
    </option>
    <option>
      September
    </option>
    <option>
      October
    </option>
    <option>
      November
    </option>
    <option>
      December
    </option>
  </select>
  <table>
    <thead
      className="calendar-header"
    >
      <tr
        className="calendar-row"
      >
        <th>
          Sun
        </th>
        <th>
          Mon
        </th>
        <th>
          Tue
        </th>
        <th>
          Wed
        </th>
        <th>
          Thu
        </th>
        <th>
          Fri
        </th>
        <th>
          Sat
        </th>
      </tr>
    </thead>
    <tbody>
      <tr>
        <td />
        <td />
        <td
          className=""
        >
          0
        </td>
        <td
          className=""
        >
          1
        </td>
        <td
          className=""
        >
          2
        </td>
        <td
          className=""
        >
          3
        </td>
        <td
          className=""
        >
          4
        </td>
      </tr>
      <tr>
        <td
          className=""
        >
          5
        </td>
        <td
          className=""
        >
          6
        </td>
        <td
          className=""
        >
          7
        </td>
        <td
          className=""
        >
          8
        </td>
        <td
          className=""
        >
          9
        </td>
        <td
          className=""
        >
          10
        </td>
        <td
          className=""
        >
          11
        </td>
      </tr>
      <tr>
        <td
          className=""
        >
          12
        </td>
        <td
          className=""
        >
          13
        </td>
        <td
          className=""
        >
          14
        </td>
        <td
          className=""
        >
          15
        </td>
        <td
          className=""
        >
          16
        </td>
        <td
          className=""
        >
          17
        </td>
        <td
          className=""
        >
          18
        </td>
      </tr>
      <tr>
        <td
          className=""
        >
          19
        </td>
        <td
          className=""
        >
          20
        </td>
        <td
          className=""
        >
          21
        </td>
        <td
          className=""
        >
          22
        </td>
        <td
          className="active"
        >
          23
        </td>
        <td
          className=""
        >
          24
        </td>
        <td
          className=""
        >
          25
        </td>
      </tr>
      <tr>
        <td
          className=""
        >
          26
        </td>
        <td
          className=""
        >
          27
        </td>
        <td
          className=""
        >
          28
        </td>
        <td
          className=""
        >
          29
        </td>
        <td
          className=""
        >
          30
        </td>
      </tr>
    </tbody>
  </table>
</div>
`;
