// Jest Snapshot v1, https://goo.gl/fbAQLP

exports[`Calendar component renders correctly 1`] = `
<div>
  <select
    onChange={[Function]}
    value={0}
  >
    <option
      value={0}
    >
      January
    </option>
    <option
      value={1}
    >
      February
    </option>
    <option
      value={2}
    >
      March
    </option>
    <option
      value={3}
    >
      April
    </option>
    <option
      value={4}
    >
      May
    </option>
    <option
      value={5}
    >
      June
    </option>
    <option
      value={6}
    >
      July
    </option>
    <option
      value={7}
    >
      August
    </option>
    <option
      value={8}
    >
      September
    </option>
    <option
      value={9}
    >
      October
    </option>
    <option
      value={10}
    >
      November
    </option>
    <option
      value={11}
    >
      December
    </option>
  </select>
  <select
    onChange={[Function]}
    value={2019}
  >
    <option
      value={1999}
    >
      1999
    </option>
    <option
      value={2000}
    >
      2000
    </option>
    <option
      value={2001}
    >
      2001
    </option>
    <option
      value={2002}
    >
      2002
    </option>
    <option
      value={2003}
    >
      2003
    </option>
    <option
      value={2004}
    >
      2004
    </option>
    <option
      value={2005}
    >
      2005
    </option>
    <option
      value={2006}
    >
      2006
    </option>
    <option
      value={2007}
    >
      2007
    </option>
    <option
      value={2008}
    >
      2008
    </option>
    <option
      value={2009}
    >
      2009
    </option>
    <option
      value={2010}
    >
      2010
    </option>
    <option
      value={2011}
    >
      2011
    </option>
    <option
      value={2012}
    >
      2012
    </option>
    <option
      value={2013}
    >
      2013
    </option>
    <option
      value={2014}
    >
      2014
    </option>
    <option
      value={2015}
    >
      2015
    </option>
    <option
      value={2016}
    >
      2016
    </option>
    <option
      value={2017}
    >
      2017
    </option>
    <option
      value={2018}
    >
      2018
    </option>
    <option
      value={2019}
    >
      2019
    </option>
    <option
      value={2020}
    >
      2020
    </option>
    <option
      value={2021}
    >
      2021
    </option>
    <option
      value={2022}
    >
      2022
    </option>
    <option
      value={2023}
    >
      2023
    </option>
    <option
      value={2024}
    >
      2024
    </option>
    <option
      value={2025}
    >
      2025
    </option>
    <option
      value={2026}
    >
      2026
    </option>
    <option
      value={2027}
    >
      2027
    </option>
    <option
      value={2028}
    >
      2028
    </option>
    <option
      value={2029}
    >
      2029
    </option>
    <option
      value={2030}
    >
      2030
    </option>
    <option
      value={2031}
    >
      2031
    </option>
    <option
      value={2032}
    >
      2032
    </option>
    <option
      value={2033}
    >
      2033
    </option>
    <option
      value={2034}
    >
      2034
    </option>
    <option
      value={2035}
    >
      2035
    </option>
    <option
      value={2036}
    >
      2036
    </option>
    <option
      value={2037}
    >
      2037
    </option>
    <option
      value={2038}
    >
      2038
    </option>
  </select>
  <table>
    <thead
      className="calendar-header"
    >
      <tr
        className="calendar-row"
      >
        <th>
          Sun
        </th>
        <th>
          Mon
        </th>
        <th>
          Tue
        </th>
        <th>
          Wed
        </th>
        <th>
          Thu
        </th>
        <th>
          Fri
        </th>
        <th>
          Sat
        </th>
      </tr>
    </thead>
    <tbody>
      <tr>
        <td />
        <td />
        <td
          className=""
        >
          1
        </td>
        <td
          className=""
        >
          2
        </td>
        <td
          className=""
        >
          3
        </td>
        <td
          className=""
        >
          4
        </td>
        <td
          className=""
        >
          5
        </td>
      </tr>
      <tr>
        <td
          className=""
        >
          6
        </td>
        <td
          className=""
        >
          7
        </td>
        <td
          className=""
        >
          8
        </td>
        <td
          className=""
        >
          9
        </td>
        <td
          className=""
        >
          10
        </td>
        <td
          className=""
        >
          11
        </td>
        <td
          className=""
        >
          12
        </td>
      </tr>
      <tr>
        <td
          className=""
        >
          13
        </td>
        <td
          className=""
        >
          14
        </td>
        <td
          className=""
        >
          15
        </td>
        <td
          className=""
        >
          16
        </td>
        <td
          className=""
        >
          17
        </td>
        <td
          className=""
        >
          18
        </td>
        <td
          className=""
        >
          19
        </td>
      </tr>
      <tr>
        <td
          className=""
        >
          20
        </td>
        <td
          className=""
        >
          21
        </td>
        <td
          className=""
        >
          22
        </td>
        <td
          className="active"
        >
          23
        </td>
        <td
          className=""
        >
          24
        </td>
        <td
          className=""
        >
          25
        </td>
        <td
          className=""
        >
          26
        </td>
      </tr>
      <tr>
        <td
          className=""
        >
          27
        </td>
        <td
          className=""
        >
          28
        </td>
        <td
          className=""
        >
          29
        </td>
        <td
          className=""
        >
          30
        </td>
        <td
          className=""
        >
          31
        </td>
      </tr>
    </tbody>
  </table>
</div>
`;
